// Jest Snapshot v1, https://goo.gl/fbAQLP

exports[`DeliveryProjectPickerFieldExtension Should be match the expected component data 1`] = `
{
  "component": [Function],
  "name": "DeliveryProjectPicker",
  "schema": {
    "returnValue": {
      "$schema": "http://json-schema.org/draft-07/schema#",
      "type": "string",
    },
    "uiOptions": {
      "$schema": "http://json-schema.org/draft-07/schema#",
      "additionalProperties": false,
      "properties": {},
      "type": "object",
    },
  },
}
`;
